▿ BeagleDependencies
  ▿ actionExecutor: ActionExecuting
    ▿ dependencies: InnerDependenciesResolver
      - container: (Function)
  - appBundle: NSBundle </Applications/Xcode.app/Contents/Developer/Platforms/iPhoneSimulator.platform/Developer/Library/Xcode/Agents> (loaded)
  ▿ baseURL: Optional<URL>
    - some: www.test.com
  ▿ cacheManager: CacheManager
    - components.storage: Optional<CacheLRU<String, ServerDrivenComponent>>.none
    - maximumScreensCapacity: 10
  ▿ customActionHandler: Optional<CustomActionHandler>
    - some: CustomActionHandlerDummy
  - decoder: ComponentDecodingDummy
  ▿ deepLinkHandler: Optional<DeepLinkScreenManaging>
    - some: DeepLinkHandlerDummy
  - flex: (Function)
  ▿ navigation: BeagleNavigator
    ▿ dependencies: InnerDependenciesResolver
      - container: (Function)
  ▿ network: NetworkDefault
    ▿ dependencies: InnerDependenciesResolver
      - container: (Function)
  - networkClient: NetworkClientDummy
  - preFetchHelper: BeaglePreFetchHelper
  ▿ resolver: InnerDependenciesResolver
    - container: (Function)
  - theme: AppThemeDummy
  ▿ validatorProvider: Optional<ValidatorProvider>
    ▿ some: ValidatorProviding
      - handlers: 0 key/value pairs
  - viewConfigurator: (Function)
