▿ BeagleDependencies
  ▿ actionExecutor: ActionExecuting
    ▿ dependencies: InnerDependenciesResolver
      - container: (Function)
  - appBundle: NSBundle </Applications/Xcode.app/Contents/Developer/Platforms/iPhoneSimulator.platform/Developer/Library/Xcode/Agents> (loaded)
  - baseURL: Optional<URL>.none
  ▿ cacheManager: CacheManager
    - components.storage: Optional<CacheLRU<String, ServerDrivenComponent>>.none
    - maximumScreensCapacity: 30
  - customActionHandler: Optional<CustomActionHandler>.none
  ▿ decoder: ComponentDecoder
    - decoders: (0 elements)
    ▿ jsonDecoder: JSONDecoder
      - dataDecodingStrategy: DataDecodingStrategy.base64
      - dateDecodingStrategy: DateDecodingStrategy.deferredToDate
      - keyDecodingStrategy: KeyDecodingStrategy.useDefaultKeys
      - nonConformingFloatDecodingStrategy: NonConformingFloatDecodingStrategy.throw
      - userInfo: 0 key/value pairs
  - deepLinkHandler: Optional<DeepLinkScreenManaging>.none
  ▿ flex: FlexViewConfigurator
    - view: <UIView; frame = (0 0; 0 0); layer = <CALayer>>
    - yogaTranslator: YogaTranslating
  ▿ navigation: BeagleNavigator
    ▿ dependencies: InnerDependenciesResolver
      - container: (Function)
  ▿ network: NetworkDefault
    ▿ dependencies: InnerDependenciesResolver
      - container: (Function)
  ▿ networkClient: NetworkClientDefault
    ▿ cacheService: MemoryCacheService
      - memory: <NSCache>
    ▿ dependencies: InnerDependenciesResolver
      - container: (Function)
    - session: <__NSURLSessionLocal>
    - urlBuilder: UrlRequestBuilder
  - preFetchHelper: BeaglePreFetchHelper
  ▿ resolver: InnerDependenciesResolver
    - container: (Function)
  ▿ theme: AppTheme
    - styles: 0 key/value pairs
  - validatorProvider: Optional<ValidatorProvider>.none
