▿ Image
  ▿ appearance: Optional<Appearance>
    ▿ some: Appearance
      ▿ backgroundColor: Optional<String>
        - some: "#800000FF"
  ▿ contentMode: Optional<ImageContentMode>
    - some: ImageContentMode.center
  - name: "test_image_square-x"
