▿ ScrollView
  ▿ appearance: Optional<Appearance>
    ▿ some: Appearance
      ▿ backgroundColor: Optional<String>
        - some: "#60FF0000"
      ▿ cornerRadius: Optional<CornerRadius>
        ▿ some: CornerRadius
          - radius: 30.0
  ▿ children: 3 elements
    ▿ Text
      - alignment: Optional<Alignment>.none
      - appearance: Optional<Appearance>.none
      - flex: Optional<Flex>.none
      - style: Optional<String>.none
      - text: "Lorem ipsum dolor sit amet, consectetur adipiscing elit. Proin tempus tempor diam vitae tempor. Phasellus orci justo, sollicitudin non enim euismod, posuere vehicula dolor. Vivamus consectetur malesuada nunc, vitae tincidunt libero tristique quis. Sed varius finibus pulvinar. Curabitur id metus mauris. Proin enim felis, vehicula sed magna vitae, dapibus gravida mauris. Sed id turpis accumsan, ultricies nisi nec, condimentum elit. Integer vulputate nulla ac elementum finibus. Nulla pulvinar nisl tortor, sit amet feugiat dui dignissim non. Integer vel mauris ac metus tincidunt hendrerit.\n---"
    ▿ Text
      - alignment: Optional<Alignment>.none
      - appearance: Optional<Appearance>.none
      - flex: Optional<Flex>.none
      - style: Optional<String>.none
      - text: "Morbi quis mi eu tellus tincidunt aliquam vitae nec nisl. Vivamus turpis lacus, sodales mollis arcu vitae, commodo maximus velit. Integer et arcu nisi. Vivamus erat dui, elementum vel tincidunt vel, finibus nec arcu. Nulla maximus quam eget nisl aliquet pellentesque. Quisque at nunc nec nisl hendrerit facilisis. Fusce lectus purus, mollis at porttitor vel, consectetur sed sapien. Nulla interdum libero at metus eleifend maximus. Donec in fermentum felis. Etiam cursus nibh eleifend velit aliquet posuere. Nulla dictum, ante nec ultrices ultricies, enim diam luctus eros, in pharetra urna libero quis magna. Aenean imperdiet, lacus eu consectetur sagittis, elit enim ultricies felis, vel varius metus urna vel quam. Vestibulum in tristique justo, eget rhoncus urna. Nulla facilisi. Quisque vitae massa quis erat eleifend maximus. Duis a magna purus.\n---"
    ▿ Text
      - alignment: Optional<Alignment>.none
      - appearance: Optional<Appearance>.none
      - flex: Optional<Flex>.none
      - style: Optional<String>.none
      - text: "Aenean ultricies, turpis sit amet vulputate ultrices, felis sem pulvinar diam, at tincidunt enim felis vitae ante. Nulla hendrerit convallis arcu, at convallis nisl sodales nec. Vestibulum ante ipsum primis in faucibus orci luctus et ultrices posuere cubilia Curae; Morbi nibh elit, hendrerit ac lorem in, tincidunt hendrerit nisi. Cras ornare lacus orci, sit amet rhoncus eros tincidunt aliquet. Sed accumsan sem non viverra varius. Aliquam tempor lectus nulla, at euismod ligula finibus at. Pellentesque sagittis, justo ut ornare commodo, turpis nibh pretium risus, at porttitor ex velit sit amet leo. Mauris id mattis neque. Vivamus convallis fringilla dui, eget tempus nisi suscipit vel. Nullam bibendum tincidunt libero eget egestas. Phasellus tempus ornare ante sed posuere. Quisque fringilla nisl nec massa luctus, eget venenatis ante viverra. Nulla in fringilla ipsum.\n---"
