▿ 21 key/value pairs
  ▿ (2 elements)
    - key: "beagle:action:customaction"
    - value: CustomActionEntity
  ▿ (2 elements)
    - key: "beagle:action:formvalidation"
    - value: FormValidationEntity
  ▿ (2 elements)
    - key: "beagle:action:navigate"
    - value: NavigateEntity
  ▿ (2 elements)
    - key: "beagle:action:shownativedialog"
    - value: ShowNativeDialogEntity
  ▿ (2 elements)
    - key: "beagle:component:button"
    - value: ButtonEntity
  ▿ (2 elements)
    - key: "beagle:component:container"
    - value: ContainerEntity
  ▿ (2 elements)
    - key: "beagle:component:defaultpageindicator"
    - value: DefaultPageIndicatorEntity
  ▿ (2 elements)
    - key: "beagle:component:form"
    - value: FormEntity
  ▿ (2 elements)
    - key: "beagle:component:forminput"
    - value: FormInputEntity
  ▿ (2 elements)
    - key: "beagle:component:formsubmit"
    - value: FormSubmitEntity
  ▿ (2 elements)
    - key: "beagle:component:image"
    - value: ImageEntity
  ▿ (2 elements)
    - key: "beagle:component:lazycomponent"
    - value: LazyComponentEntity
  ▿ (2 elements)
    - key: "beagle:component:listview"
    - value: ListViewEntity
  ▿ (2 elements)
    - key: "beagle:component:networkimage"
    - value: NetworkImageEntity
  ▿ (2 elements)
    - key: "beagle:component:pageview"
    - value: PageViewEntity
  ▿ (2 elements)
    - key: "beagle:component:screencomponent"
    - value: ScreenComponentEntity
  ▿ (2 elements)
    - key: "beagle:component:scrollview"
    - value: ScrollViewEntity
  ▿ (2 elements)
    - key: "beagle:component:spacer"
    - value: SpacerEntity
  ▿ (2 elements)
    - key: "beagle:component:tabview"
    - value: TabViewEntity
  ▿ (2 elements)
    - key: "beagle:component:text"
    - value: TextEntity
  ▿ (2 elements)
    - key: "beagle:component:touchable"
    - value: TouchableEntity
