▿ Image
  ▿ appearance: Optional<Appearance>
    ▿ some: Appearance
      ▿ backgroundColor: Optional<String>
        - some: "#800000FF"
      ▿ cornerRadius: Optional<CornerRadius>
        ▿ some: CornerRadius
          - radius: 30.0
  ▿ contentMode: Optional<ImageContentMode>
    - some: ImageContentMode.center
  - flex: Optional<Flex>.none
  - name: "test_image_square-x"
