▿ 22 key/value pairs
  ▿ (2 elements)
    - key: "beagle:action:customaction"
    - value: CustomActionEntity
  ▿ (2 elements)
    - key: "beagle:action:formvalidation"
    - value: FormValidationEntity
  ▿ (2 elements)
    - key: "beagle:action:navigate"
    - value: NavigateEntity
  ▿ (2 elements)
    - key: "beagle:action:shownativedialog"
    - value: ShowNativeDialogEntity
  ▿ (2 elements)
    - key: "beagle:widget:button"
    - value: ButtonEntity
  ▿ (2 elements)
    - key: "beagle:widget:defaultpageindicator"
    - value: DefaultPageIndicatorEntity
  ▿ (2 elements)
    - key: "beagle:widget:flexsinglewidget"
    - value: FlexSingleWidgetEntity
  ▿ (2 elements)
    - key: "beagle:widget:flexwidget"
    - value: FlexWidgetEntity
  ▿ (2 elements)
    - key: "beagle:widget:form"
    - value: FormEntity
  ▿ (2 elements)
    - key: "beagle:widget:forminput"
    - value: FormInputEntity
  ▿ (2 elements)
    - key: "beagle:widget:formsubmit"
    - value: FormSubmitEntity
  ▿ (2 elements)
    - key: "beagle:widget:image"
    - value: ImageEntity
  ▿ (2 elements)
    - key: "beagle:widget:lazywidget"
    - value: LazyWidgetEntity
  ▿ (2 elements)
    - key: "beagle:widget:listview"
    - value: ListViewEntity
  ▿ (2 elements)
    - key: "beagle:widget:networkimage"
    - value: NetworkImageEntity
  ▿ (2 elements)
    - key: "beagle:widget:pageview"
    - value: PageViewEntity
  ▿ (2 elements)
    - key: "beagle:widget:screenwidget"
    - value: ScreenWidgetEntity
  ▿ (2 elements)
    - key: "beagle:widget:scrollview"
    - value: ScrollViewEntity
  ▿ (2 elements)
    - key: "beagle:widget:spacer"
    - value: SpacerEntity
  ▿ (2 elements)
    - key: "beagle:widget:tabview"
    - value: TabViewEntity
  ▿ (2 elements)
    - key: "beagle:widget:text"
    - value: TextEntity
  ▿ (2 elements)
    - key: "beagle:widget:touchable"
    - value: TouchableEntity
