▿ BeagleDependencies
  ▿ actionExecutor: ActionExecuting
    ▿ dependencies: InnerDependenciesResolver
      - container: (Function)
  - appBundle: NSBundle </Applications/Xcode.app/Contents/Developer/Platforms/iPhoneSimulator.platform/Developer/Library/Xcode/Agents> (loaded)
  ▿ baseURL: Optional<URL>
    - some: www.test.com
  ▿ customActionHandler: Optional<CustomActionHandler>
    - some: CustomActionHandlerDummy
  - customWidgetsProvider: CustomWidgetsRendererProviderDummy
  ▿ decoder: WidgetDecoder
    ▿ jsonDecoder: JSONDecoder
      - dataDecodingStrategy: DataDecodingStrategy.base64
      - dateDecodingStrategy: DateDecodingStrategy.deferredToDate
      - keyDecodingStrategy: KeyDecodingStrategy.useDefaultKeys
      - nonConformingFloatDecodingStrategy: NonConformingFloatDecodingStrategy.throw
      - userInfo: 0 key/value pairs
  ▿ deepLinkHandler: Optional<BeagleDeepLinkScreenManaging>
    - some: DeepLinkHandlerDummy
  - flex: FlexViewConfiguratorDummy
  ▿ navigation: BeagleNavigator
    ▿ dependencies: InnerDependenciesResolver
      - container: (Function)
  - networkDispatcher: URLRequestDispatchingDummy
  ▿ preFetchHelper: BeaglePreFetchHelper
    - screens: 0 key/value pairs
  ▿ remoteConnector: RemoteConnecting
    ▿ dependencies: InnerDependenciesResolver
      - container: (Function)
  - rendererProvider: RendererProviderDummy
  ▿ resolver: InnerDependenciesResolver
    - container: (Function)
  - theme: AppThemeDummy
  ▿ validatorProvider: Optional<ValidatorProvider>
    ▿ some: ValidatorProviding
      - handlers: 0 key/value pairs
