▿ Touchable
  ▿ action: Navigate
    ▿ addView: NewPath
      - path: ""
      - shouldPrefetch: true
  ▿ child: Text
    - alignment: Optional<Alignment>.none
    - appearance: Optional<Appearance>.none
    - style: Optional<String>.none
    - text: "text"
