openDeepLink-withPath-withData ->
    openDeepLink(BeagleUI.Navigate.DeepLinkNavigation(path: "path", data: Optional(["data": ""])))

openDeepLink-withPath-withData ->
    openDeepLink(BeagleUI.Navigate.DeepLinkNavigation(path: "path", data: Optional(["data": ""])))

openDeepLink-withPath-noData ->
    openDeepLink(BeagleUI.Navigate.DeepLinkNavigation(path: "path", data: nil))

openDeepLink-withPath-noData ->
    openDeepLink(BeagleUI.Navigate.DeepLinkNavigation(path: "path", data: nil))

openDeepLink-noPath-withData ->
    ERROR

openDeepLink-noPath-withData ->
    ERROR

openDeepLink-noPath-noData ->
    ERROR

openDeepLink-noPath-noData ->
    ERROR

swapView-withPath-withData ->
    swapView(BeagleUI.Navigate.NewPath(path: "path", shouldPrefetch: true))

swapView-withPath-withData ->
    swapView(BeagleUI.Navigate.NewPath(path: "path", shouldPrefetch: false))

swapView-withPath-noData ->
    swapView(BeagleUI.Navigate.NewPath(path: "path", shouldPrefetch: true))

swapView-withPath-noData ->
    swapView(BeagleUI.Navigate.NewPath(path: "path", shouldPrefetch: false))

swapView-noPath-withData ->
    ERROR

swapView-noPath-withData ->
    ERROR

swapView-noPath-noData ->
    ERROR

swapView-noPath-noData ->
    ERROR

addView-withPath-withData ->
    addView(BeagleUI.Navigate.NewPath(path: "path", shouldPrefetch: true))

addView-withPath-withData ->
    addView(BeagleUI.Navigate.NewPath(path: "path", shouldPrefetch: false))

addView-withPath-noData ->
    addView(BeagleUI.Navigate.NewPath(path: "path", shouldPrefetch: true))

addView-withPath-noData ->
    addView(BeagleUI.Navigate.NewPath(path: "path", shouldPrefetch: false))

addView-noPath-withData ->
    ERROR

addView-noPath-withData ->
    ERROR

addView-noPath-noData ->
    ERROR

addView-noPath-noData ->
    ERROR

finishView-withPath-withData ->
    finishView

finishView-withPath-withData ->
    finishView

finishView-withPath-noData ->
    finishView

finishView-withPath-noData ->
    finishView

finishView-noPath-withData ->
    finishView

finishView-noPath-withData ->
    finishView

finishView-noPath-noData ->
    finishView

finishView-noPath-noData ->
    finishView

popView-withPath-withData ->
    popView

popView-withPath-withData ->
    popView

popView-withPath-noData ->
    popView

popView-withPath-noData ->
    popView

popView-noPath-withData ->
    popView

popView-noPath-withData ->
    popView

popView-noPath-noData ->
    popView

popView-noPath-noData ->
    popView

popToView-withPath-withData ->
    popToView("path")

popToView-withPath-withData ->
    popToView("path")

popToView-withPath-noData ->
    popToView("path")

popToView-withPath-noData ->
    popToView("path")

popToView-noPath-withData ->
    ERROR

popToView-noPath-withData ->
    ERROR

popToView-noPath-noData ->
    ERROR

popToView-noPath-noData ->
    ERROR

presentView-withPath-withData ->
    presentView(BeagleUI.Navigate.NewPath(path: "path", shouldPrefetch: true))

presentView-withPath-withData ->
    presentView(BeagleUI.Navigate.NewPath(path: "path", shouldPrefetch: false))

presentView-withPath-noData ->
    presentView(BeagleUI.Navigate.NewPath(path: "path", shouldPrefetch: true))

presentView-withPath-noData ->
    presentView(BeagleUI.Navigate.NewPath(path: "path", shouldPrefetch: false))

presentView-noPath-withData ->
    ERROR

presentView-noPath-withData ->
    ERROR

presentView-noPath-noData ->
    ERROR

presentView-noPath-noData ->
    ERROR

