▿ Touchable
  ▿ action: AnyAction
    - value: UnknownActionEntity
  ▿ child: Text
    - alignment: Optional<Alignment>.none
    - appearance: Optional<Appearance>.none
    - style: Optional<String>.none
    - text: "text"
