▿ Touchable
  ▿ action: AnyAction
    - value: UnknownActionEntity
  ▿ child: Text
    - accessibility: Optional<Accessibility>.none
    - alignment: Optional<Alignment>.none
    - appearance: Optional<Appearance>.none
    - flex: Optional<Flex>.none
    - id: Optional<String>.none
    - style: Optional<String>.none
    - text: "text"
    - textColor: Optional<String>.none
