▿ Optional<PageIndicator>
  ▿ some: CustomPageIndicator
    - defaultColor: "defaultColor"
    - selectedColor: "selectedColor"
