▿ FlexSingleWidget
  ▿ appearance: Optional<Appearance>
    ▿ some: Appearance
      ▿ backgroundColor: Optional<String>
        - some: "#00FFFF"
  ▿ child: FlexSingleWidget
    ▿ appearance: Optional<Appearance>
      ▿ some: Appearance
        ▿ backgroundColor: Optional<String>
          - some: "#00FF00"
    ▿ child: Text
      - alignment: Optional<Alignment>.none
      - appearance: Optional<Appearance>.none
      - style: Optional<String>.none
      - text: "My Flex Single Widget"
    ▿ flex: Flex
      - alignContent: Optional<Alignment>.none
      - alignItems: Optional<Alignment>.none
      - alignSelf: Optional<Alignment>.none
      - basis: Optional<UnitValue>.none
      - direction: Optional<Direction>.none
      - display: Optional<Display>.none
      - flex: Optional<Double>.none
      - flexDirection: Optional<FlexDirection>.none
      - flexWrap: Optional<Wrap>.none
      - grow: Optional<Double>.none
      - justifyContent: Optional<JustifyContent>.none
      ▿ margin: Optional<EdgeValue>
        ▿ some: EdgeValue
          ▿ all: Optional<UnitValue>
            ▿ some: UnitValue
              - type: UnitType.real
              - value: 10.0
          - bottom: Optional<UnitValue>.none
          - end: Optional<UnitValue>.none
          - horizontal: Optional<UnitValue>.none
          - left: Optional<UnitValue>.none
          - right: Optional<UnitValue>.none
          - start: Optional<UnitValue>.none
          - top: Optional<UnitValue>.none
          - vertical: Optional<UnitValue>.none
      - padding: Optional<EdgeValue>.none
      - position: Optional<EdgeValue>.none
      - positionType: Optional<PositionType>.none
      - shrink: Optional<Double>.none
      - size: Optional<Size>.none
  ▿ flex: Flex
    - alignContent: Optional<Alignment>.none
    - alignItems: Optional<Alignment>.none
    - alignSelf: Optional<Alignment>.none
    - basis: Optional<UnitValue>.none
    - direction: Optional<Direction>.none
    - display: Optional<Display>.none
    - flex: Optional<Double>.none
    - flexDirection: Optional<FlexDirection>.none
    - flexWrap: Optional<Wrap>.none
    - grow: Optional<Double>.none
    - justifyContent: Optional<JustifyContent>.none
    ▿ margin: Optional<EdgeValue>
      ▿ some: EdgeValue
        ▿ all: Optional<UnitValue>
          ▿ some: UnitValue
            - type: UnitType.real
            - value: 10.0
        - bottom: Optional<UnitValue>.none
        - end: Optional<UnitValue>.none
        - horizontal: Optional<UnitValue>.none
        - left: Optional<UnitValue>.none
        - right: Optional<UnitValue>.none
        - start: Optional<UnitValue>.none
        - top: Optional<UnitValue>.none
        - vertical: Optional<UnitValue>.none
    ▿ padding: Optional<EdgeValue>
      ▿ some: EdgeValue
        ▿ all: Optional<UnitValue>
          ▿ some: UnitValue
            - type: UnitType.real
            - value: 20.0
        - bottom: Optional<UnitValue>.none
        - end: Optional<UnitValue>.none
        - horizontal: Optional<UnitValue>.none
        - left: Optional<UnitValue>.none
        - right: Optional<UnitValue>.none
        - start: Optional<UnitValue>.none
        - top: Optional<UnitValue>.none
        - vertical: Optional<UnitValue>.none
    - position: Optional<EdgeValue>.none
    - positionType: Optional<PositionType>.none
    - shrink: Optional<Double>.none
    - size: Optional<Size>.none
